COMMAND
C:\XiaodeDocuments\Programs\Recoil_Reconsturct\.venv\Scripts\python.exe C:\XiaodeDocuments\Programs\Recoil_Reconsturct\analyze_recoil.py D:\DF\ASH-12.mp4 --output-dir C:\XiaodeDocuments\Programs\Recoil_Reconsturct\delta_force_batch_output\ash-12 --fov-deg 104 --fov-axis reference-horizontal --scope-magnification 2.0 --reticle-mode tick-lines --ammo-template-file C:\XiaodeDocuments\Programs\Recoil_Reconsturct\ammo_digit_templates.npz

STDOUT
[1/4] 视频 2560x1440 @ 120.000 fps；全片扫描弹药 ROI (2348, 1218, 2464, 1268) ...
      自动识别: OCR 弹匣 30 发，约 15 帧/发，分析范围 [242, 691]
      检出 30 个关键帧: [257, 273, 286, 300, 315, 330, 345, 359, 372, 388, 403, 416, 428, 445, 461, 474, 489, 504, 518, 532, 546, 561, 576, 589, 605, 618, 633, 646, 661, 676]
[2/4] 镜外 Feature Matching + RANSAC（镜内/枪体/HUD/高亮火花已屏蔽）...
      已处理 50/449 帧
      已处理 100/449 帧
      已处理 150/449 帧
      已处理 200/449 帧
      已处理 250/449 帧
      已处理 300/449 帧
      已处理 350/449 帧
      已处理 400/449 帧
      警告: 1 个失败步长已用相邻可靠 SE(2) 步长插值
[3/4] 合成准星实际交点与镜外相机变换，生成轨迹 ...
[4/4] 完成。输出:
      C:\XiaodeDocuments\Programs\Recoil_Reconsturct\delta_force_batch_output\ash-12\keyframes_recoil.csv
      C:\XiaodeDocuments\Programs\Recoil_Reconsturct\delta_force_batch_output\ash-12\all_frames_motion.csv
      C:\XiaodeDocuments\Programs\Recoil_Reconsturct\delta_force_batch_output\ash-12\summary.json
      C:\XiaodeDocuments\Programs\Recoil_Reconsturct\delta_force_batch_output\ash-12\recoil_trajectory.png
      C:\XiaodeDocuments\Programs\Recoil_Reconsturct\delta_force_batch_output\ash-12\reticle_keyframes_contact_sheet.jpg
      C:\XiaodeDocuments\Programs\Recoil_Reconsturct\delta_force_batch_output\ash-12\feature_mask.png
      C:\XiaodeDocuments\Programs\Recoil_Reconsturct\delta_force_batch_output\ash-12\ammo_detection.csv
      自动估算最大 pitch: 37.4092° (FOV=104° reference-horizontal, 2x)

STDERR
