COMMAND
C:\XiaodeDocuments\Programs\Recoil_Reconsturct\.venv\Scripts\python.exe C:\XiaodeDocuments\Programs\Recoil_Reconsturct\analyze_recoil.py D:\DF\SCAR-H.mp4 --output-dir C:\XiaodeDocuments\Programs\Recoil_Reconsturct\delta_force_batch_output\scar-h --fov-deg 104 --fov-axis reference-horizontal --scope-magnification 2.0 --reticle-mode tick-lines --ammo-template-file C:\XiaodeDocuments\Programs\Recoil_Reconsturct\ammo_digit_templates.npz

STDOUT
[1/4] 视频 2560x1440 @ 120.000 fps；全片扫描弹药 ROI (2348, 1218, 2464, 1268) ...
      自动识别: OCR 弹匣 50 发，约 12 帧/发，分析范围 [242, 870]
      检出 50 个关键帧: [254, 267, 279, 291, 303, 315, 327, 340, 352, 365, 377, 391, 402, 414, 426, 439, 451, 463, 476, 488, 500, 513, 525, 538, 550, 562, 575, 587, 600, 612, 623, 637, 649, 661, 673, 686, 697, 710, 724, 735, 747, 759, 771, 783, 798, 809, 821, 833, 845, 858]
[2/4] 镜外 Feature Matching + RANSAC（镜内/枪体/HUD/高亮火花已屏蔽）...
      已处理 50/628 帧
      已处理 100/628 帧
      已处理 150/628 帧
      已处理 200/628 帧
      已处理 250/628 帧
      已处理 300/628 帧
      已处理 350/628 帧
      已处理 400/628 帧
      已处理 450/628 帧
      已处理 500/628 帧
      已处理 550/628 帧
      已处理 600/628 帧
[3/4] 合成准星实际交点与镜外相机变换，生成轨迹 ...
[4/4] 完成。输出:
      C:\XiaodeDocuments\Programs\Recoil_Reconsturct\delta_force_batch_output\scar-h\keyframes_recoil.csv
      C:\XiaodeDocuments\Programs\Recoil_Reconsturct\delta_force_batch_output\scar-h\all_frames_motion.csv
      C:\XiaodeDocuments\Programs\Recoil_Reconsturct\delta_force_batch_output\scar-h\summary.json
      C:\XiaodeDocuments\Programs\Recoil_Reconsturct\delta_force_batch_output\scar-h\recoil_trajectory.png
      C:\XiaodeDocuments\Programs\Recoil_Reconsturct\delta_force_batch_output\scar-h\reticle_keyframes_contact_sheet.jpg
      C:\XiaodeDocuments\Programs\Recoil_Reconsturct\delta_force_batch_output\scar-h\feature_mask.png
      C:\XiaodeDocuments\Programs\Recoil_Reconsturct\delta_force_batch_output\scar-h\ammo_detection.csv
      自动估算最大 pitch: 41.5743° (FOV=104° reference-horizontal, 2x)

STDERR
