COMMAND
C:\XiaodeDocuments\Programs\Recoil_Reconsturct\.venv\Scripts\python.exe C:\XiaodeDocuments\Programs\Recoil_Reconsturct\analyze_recoil.py D:\DF\AKS-74U.mp4 --output-dir C:\XiaodeDocuments\Programs\Recoil_Reconsturct\delta_force_batch_output\aks-74u --fov-deg 104 --fov-axis reference-horizontal --scope-magnification 2.0 --reticle-mode tick-lines --ammo-template-file C:\XiaodeDocuments\Programs\Recoil_Reconsturct\ammo_digit_templates.npz

STDOUT
[1/4] 视频 2560x1440 @ 120.000 fps；全片扫描弹药 ROI (2348, 1218, 2464, 1268) ...
      自动识别: OCR 弹匣 75 发，约 14 帧/发，分析范围 [325, 1354]
      检出 75 个关键帧: [339, 352, 366, 379, 393, 406, 419, 433, 446, 460, 474, 487, 501, 514, 528, 541, 555, 568, 582, 596, 610, 625, 636, 650, 663, 677, 691, 704, 717, 731, 745, 758, 772, 785, 798, 812, 826, 839, 852, 866, 879, 893, 907, 920, 935, 948, 961, 975, 988, 1002, 1015, 1028, 1042, 1056, 1069, 1083, 1096, 1110, 1123, 1137, 1151, 1164, 1177, 1191, 1204, 1218, 1232, 1245, 1259, 1272, 1286, 1299, 1313, 1326, 1340]
[2/4] 镜外 Feature Matching + RANSAC（镜内/枪体/HUD/高亮火花已屏蔽）...
      已处理 50/1029 帧
      已处理 100/1029 帧
      已处理 150/1029 帧
      已处理 200/1029 帧
      已处理 250/1029 帧
      已处理 300/1029 帧
      已处理 350/1029 帧
      已处理 400/1029 帧
      已处理 450/1029 帧
      已处理 500/1029 帧
      已处理 550/1029 帧
      已处理 600/1029 帧
      已处理 650/1029 帧
      已处理 700/1029 帧
      已处理 750/1029 帧
      已处理 800/1029 帧
      已处理 850/1029 帧
      已处理 900/1029 帧
      已处理 950/1029 帧
      已处理 1000/1029 帧
[3/4] 合成准星实际交点与镜外相机变换，生成轨迹 ...
[4/4] 完成。输出:
      C:\XiaodeDocuments\Programs\Recoil_Reconsturct\delta_force_batch_output\aks-74u\keyframes_recoil.csv
      C:\XiaodeDocuments\Programs\Recoil_Reconsturct\delta_force_batch_output\aks-74u\all_frames_motion.csv
      C:\XiaodeDocuments\Programs\Recoil_Reconsturct\delta_force_batch_output\aks-74u\summary.json
      C:\XiaodeDocuments\Programs\Recoil_Reconsturct\delta_force_batch_output\aks-74u\recoil_trajectory.png
      C:\XiaodeDocuments\Programs\Recoil_Reconsturct\delta_force_batch_output\aks-74u\reticle_keyframes_contact_sheet.jpg
      C:\XiaodeDocuments\Programs\Recoil_Reconsturct\delta_force_batch_output\aks-74u\feature_mask.png
      C:\XiaodeDocuments\Programs\Recoil_Reconsturct\delta_force_batch_output\aks-74u\ammo_detection.csv
      自动估算最大 pitch: 41.4548° (FOV=104° reference-horizontal, 2x)

STDERR
