COMMAND
C:\XiaodeDocuments\Programs\Recoil_Reconsturct\.venv\Scripts\python.exe C:\XiaodeDocuments\Programs\Recoil_Reconsturct\analyze_recoil.py D:\DF\MP5.mp4 --output-dir C:\XiaodeDocuments\Programs\Recoil_Reconsturct\delta_force_batch_output\mp5 --fov-deg 104 --fov-axis reference-horizontal --scope-magnification 2.0 --reticle-mode tick-lines --ammo-template-file C:\XiaodeDocuments\Programs\Recoil_Reconsturct\ammo_digit_templates.npz

STDOUT
[1/4] 视频 2560x1440 @ 120.000 fps；全片扫描弹药 ROI (2348, 1218, 2464, 1268) ...
      自动识别: OCR 弹匣 50 发，约 9 帧/发，分析范围 [232, 682]
      检出 50 个关键帧: [242, 251, 259, 268, 276, 286, 294, 303, 312, 320, 329, 338, 347, 356, 365, 373, 382, 395, 401, 408, 417, 426, 435, 444, 452, 462, 470, 478, 488, 497, 506, 514, 526, 531, 541, 550, 558, 567, 576, 585, 593, 605, 611, 620, 629, 638, 647, 655, 664, 673]
[2/4] 镜外 Feature Matching + RANSAC（镜内/枪体/HUD/高亮火花已屏蔽）...
      已处理 50/450 帧
      已处理 100/450 帧
      已处理 150/450 帧
      已处理 200/450 帧
      已处理 250/450 帧
      已处理 300/450 帧
      已处理 350/450 帧
      已处理 400/450 帧
      已处理 450/450 帧
[3/4] 合成准星实际交点与镜外相机变换，生成轨迹 ...
[4/4] 完成。输出:
      C:\XiaodeDocuments\Programs\Recoil_Reconsturct\delta_force_batch_output\mp5\keyframes_recoil.csv
      C:\XiaodeDocuments\Programs\Recoil_Reconsturct\delta_force_batch_output\mp5\all_frames_motion.csv
      C:\XiaodeDocuments\Programs\Recoil_Reconsturct\delta_force_batch_output\mp5\summary.json
      C:\XiaodeDocuments\Programs\Recoil_Reconsturct\delta_force_batch_output\mp5\recoil_trajectory.png
      C:\XiaodeDocuments\Programs\Recoil_Reconsturct\delta_force_batch_output\mp5\reticle_keyframes_contact_sheet.jpg
      C:\XiaodeDocuments\Programs\Recoil_Reconsturct\delta_force_batch_output\mp5\feature_mask.png
      C:\XiaodeDocuments\Programs\Recoil_Reconsturct\delta_force_batch_output\mp5\ammo_detection.csv
      自动估算最大 pitch: 23.3529° (FOV=104° reference-horizontal, 2x)

STDERR
