COMMAND
C:\XiaodeDocuments\Programs\Recoil_Reconsturct\.venv\Scripts\python.exe C:\XiaodeDocuments\Programs\Recoil_Reconsturct\analyze_recoil.py D:\DF\QCQ171.mp4 --output-dir C:\XiaodeDocuments\Programs\Recoil_Reconsturct\delta_force_batch_output\qcq171 --fov-deg 104 --fov-axis reference-horizontal --scope-magnification 2.0 --reticle-mode tick-lines --ammo-template-file C:\XiaodeDocuments\Programs\Recoil_Reconsturct\ammo_digit_templates.npz

STDOUT
[1/4] 视频 2560x1440 @ 120.000 fps；全片扫描弹药 ROI (2348, 1218, 2464, 1268) ...
      自动识别: OCR 弹匣 75 发，约 9 帧/发，分析范围 [163, 897]
      检出 75 个关键帧: [171, 180, 190, 199, 209, 218, 227, 237, 246, 256, 265, 275, 284, 294, 303, 312, 322, 331, 341, 350, 360, 369, 378, 388, 397, 407, 416, 434, 445, 455, 464, 473, 483, 492, 501, 511, 520, 530, 539, 548, 558, 567, 577, 586, 595, 605, 614, 624, 633, 642, 652, 661, 671, 680, 690, 699, 709, 718, 728, 737, 746, 756, 765, 775, 784, 793, 803, 812, 822, 831, 840, 850, 862, 870, 886]
[2/4] 镜外 Feature Matching + RANSAC（镜内/枪体/HUD/高亮火花已屏蔽）...
      已处理 50/732 帧
      已处理 100/732 帧
      已处理 150/732 帧
      已处理 200/732 帧
      已处理 250/732 帧
      已处理 300/732 帧
      已处理 350/732 帧
      已处理 400/732 帧
      已处理 450/732 帧
      已处理 500/732 帧
      已处理 550/732 帧
      已处理 600/732 帧
      已处理 650/732 帧
      已处理 700/732 帧
[3/4] 合成准星实际交点与镜外相机变换，生成轨迹 ...
[4/4] 完成。输出:
      C:\XiaodeDocuments\Programs\Recoil_Reconsturct\delta_force_batch_output\qcq171\keyframes_recoil.csv
      C:\XiaodeDocuments\Programs\Recoil_Reconsturct\delta_force_batch_output\qcq171\all_frames_motion.csv
      C:\XiaodeDocuments\Programs\Recoil_Reconsturct\delta_force_batch_output\qcq171\summary.json
      C:\XiaodeDocuments\Programs\Recoil_Reconsturct\delta_force_batch_output\qcq171\recoil_trajectory.png
      C:\XiaodeDocuments\Programs\Recoil_Reconsturct\delta_force_batch_output\qcq171\reticle_keyframes_contact_sheet.jpg
      C:\XiaodeDocuments\Programs\Recoil_Reconsturct\delta_force_batch_output\qcq171\feature_mask.png
      C:\XiaodeDocuments\Programs\Recoil_Reconsturct\delta_force_batch_output\qcq171\ammo_detection.csv
      自动估算最大 pitch: 44.0920° (FOV=104° reference-horizontal, 2x)

STDERR
