COMMAND
C:\XiaodeDocuments\Programs\Recoil_Reconsturct\.venv\Scripts\python.exe C:\XiaodeDocuments\Programs\Recoil_Reconsturct\analyze_recoil.py D:\DF\MCX_LT.mp4 --output-dir C:\XiaodeDocuments\Programs\Recoil_Reconsturct\delta_force_batch_output\mcx-lt --fov-deg 104 --fov-axis reference-horizontal --scope-magnification 2.0 --reticle-mode tick-lines --ammo-template-file C:\XiaodeDocuments\Programs\Recoil_Reconsturct\ammo_digit_templates.npz

STDOUT
[1/4] 视频 2560x1440 @ 120.000 fps；全片扫描弹药 ROI (2348, 1218, 2464, 1268) ...
      自动识别: OCR 弹匣 60 发，约 9 帧/发，分析范围 [493, 1023]
      检出 60 个关键帧: [502, 511, 520, 528, 536, 545, 554, 562, 571, 580, 588, 596, 605, 614, 622, 631, 639, 648, 656, 665, 673, 682, 690, 699, 708, 716, 724, 733, 741, 750, 759, 767, 776, 785, 793, 802, 810, 819, 827, 836, 844, 853, 861, 871, 879, 887, 896, 904, 913, 921, 930, 939, 947, 956, 964, 973, 990, 999, 1007, 1019]
[2/4] 镜外 Feature Matching + RANSAC（镜内/枪体/HUD/高亮火花已屏蔽）...
      已处理 50/535 帧
      已处理 100/535 帧
      已处理 150/535 帧
      已处理 200/535 帧
      已处理 250/535 帧
      已处理 300/535 帧
      已处理 350/535 帧
      已处理 400/535 帧
      已处理 450/535 帧
      已处理 500/535 帧
[3/4] 合成准星实际交点与镜外相机变换，生成轨迹 ...
[4/4] 完成。输出:
      C:\XiaodeDocuments\Programs\Recoil_Reconsturct\delta_force_batch_output\mcx-lt\keyframes_recoil.csv
      C:\XiaodeDocuments\Programs\Recoil_Reconsturct\delta_force_batch_output\mcx-lt\all_frames_motion.csv
      C:\XiaodeDocuments\Programs\Recoil_Reconsturct\delta_force_batch_output\mcx-lt\summary.json
      C:\XiaodeDocuments\Programs\Recoil_Reconsturct\delta_force_batch_output\mcx-lt\recoil_trajectory.png
      C:\XiaodeDocuments\Programs\Recoil_Reconsturct\delta_force_batch_output\mcx-lt\reticle_keyframes_contact_sheet.jpg
      C:\XiaodeDocuments\Programs\Recoil_Reconsturct\delta_force_batch_output\mcx-lt\feature_mask.png
      C:\XiaodeDocuments\Programs\Recoil_Reconsturct\delta_force_batch_output\mcx-lt\ammo_detection.csv
      自动估算最大 pitch: 46.3147° (FOV=104° reference-horizontal, 2x)

STDERR
