COMMAND
C:\XiaodeDocuments\Programs\Recoil_Reconsturct\.venv\Scripts\python.exe C:\XiaodeDocuments\Programs\Recoil_Reconsturct\analyze_recoil.py D:\DF\G18.mp4 --output-dir C:\XiaodeDocuments\Programs\Recoil_Reconsturct\delta_force_batch_output\g18 --fov-deg 104 --fov-axis reference-horizontal --scope-magnification 1.0 --reticle-mode red-dot --ammo-template-file C:\XiaodeDocuments\Programs\Recoil_Reconsturct\ammo_digit_templates.npz

STDOUT
[1/4] 视频 2560x1440 @ 120.000 fps；全片扫描弹药 ROI (2348, 1218, 2464, 1268) ...
      自动识别: OCR 弹匣 33 发，约 6 帧/发，分析范围 [199, 409]
      检出 33 个关键帧: [206, 213, 218, 225, 231, 237, 243, 250, 256, 262, 268, 274, 280, 287, 292, 299, 305, 311, 317, 324, 330, 336, 342, 348, 354, 360, 366, 373, 379, 385, 391, 397, 403]
[2/4] 镜外 Feature Matching + RANSAC（镜内/枪体/HUD/高亮火花已屏蔽）...
      已处理 50/210 帧
      已处理 100/210 帧
      已处理 150/210 帧
      已处理 200/210 帧
[3/4] 合成准星实际交点与镜外相机变换，生成轨迹 ...
[4/4] 完成。输出:
      C:\XiaodeDocuments\Programs\Recoil_Reconsturct\delta_force_batch_output\g18\keyframes_recoil.csv
      C:\XiaodeDocuments\Programs\Recoil_Reconsturct\delta_force_batch_output\g18\all_frames_motion.csv
      C:\XiaodeDocuments\Programs\Recoil_Reconsturct\delta_force_batch_output\g18\summary.json
      C:\XiaodeDocuments\Programs\Recoil_Reconsturct\delta_force_batch_output\g18\recoil_trajectory.png
      C:\XiaodeDocuments\Programs\Recoil_Reconsturct\delta_force_batch_output\g18\reticle_keyframes_contact_sheet.jpg
      C:\XiaodeDocuments\Programs\Recoil_Reconsturct\delta_force_batch_output\g18\feature_mask.png
      C:\XiaodeDocuments\Programs\Recoil_Reconsturct\delta_force_batch_output\g18\ammo_detection.csv
      自动估算最大 pitch: 30.4641° (FOV=104° reference-horizontal, 1x)

STDERR
