COMMAND
C:\XiaodeDocuments\Programs\Recoil_Reconsturct\.venv\Scripts\python.exe C:\XiaodeDocuments\Programs\Recoil_Reconsturct\analyze_recoil.py D:\DF\M250.mp4 --output-dir C:\XiaodeDocuments\Programs\Recoil_Reconsturct\delta_force_batch_output\m250 --fov-deg 104 --fov-axis reference-horizontal --scope-magnification 2.0 --reticle-mode tick-lines --ammo-template-file C:\XiaodeDocuments\Programs\Recoil_Reconsturct\ammo_digit_templates.npz

STDOUT
[1/4] 视频 2560x1440 @ 120.000 fps；全片扫描弹药 ROI (2348, 1218, 2464, 1268) ...
      自动识别: OCR 弹匣 75 发，约 13 帧/发，分析范围 [278, 1294]
      检出 75 个关键帧: [292, 305, 317, 330, 344, 357, 370, 383, 396, 409, 422, 435, 448, 461, 474, 487, 501, 514, 529, 541, 553, 567, 579, 592, 605, 618, 631, 644, 657, 670, 683, 696, 710, 723, 736, 749, 762, 775, 788, 801, 814, 827, 840, 853, 867, 879, 892, 905, 920, 931, 945, 958, 971, 984, 997, 1010, 1023, 1036, 1049, 1062, 1075, 1089, 1102, 1115, 1128, 1140, 1153, 1167, 1184, 1199, 1215, 1232, 1245, 1259, 1280]
[2/4] 镜外 Feature Matching + RANSAC（镜内/枪体/HUD/高亮火花已屏蔽）...
      已处理 50/1015 帧
      已处理 100/1015 帧
      已处理 150/1015 帧
      已处理 200/1015 帧
      已处理 250/1015 帧
      已处理 300/1015 帧
      已处理 350/1015 帧
      已处理 400/1015 帧
      已处理 450/1015 帧
      已处理 500/1015 帧
      已处理 550/1015 帧
      已处理 600/1015 帧
      已处理 650/1015 帧
      已处理 700/1015 帧
      已处理 750/1015 帧
      已处理 800/1015 帧
      已处理 850/1015 帧
      已处理 900/1015 帧
      已处理 950/1015 帧
      已处理 1000/1015 帧
[3/4] 合成准星实际交点与镜外相机变换，生成轨迹 ...
[4/4] 完成。输出:
      C:\XiaodeDocuments\Programs\Recoil_Reconsturct\delta_force_batch_output\m250\keyframes_recoil.csv
      C:\XiaodeDocuments\Programs\Recoil_Reconsturct\delta_force_batch_output\m250\all_frames_motion.csv
      C:\XiaodeDocuments\Programs\Recoil_Reconsturct\delta_force_batch_output\m250\summary.json
      C:\XiaodeDocuments\Programs\Recoil_Reconsturct\delta_force_batch_output\m250\recoil_trajectory.png
      C:\XiaodeDocuments\Programs\Recoil_Reconsturct\delta_force_batch_output\m250\reticle_keyframes_contact_sheet.jpg
      C:\XiaodeDocuments\Programs\Recoil_Reconsturct\delta_force_batch_output\m250\feature_mask.png
      C:\XiaodeDocuments\Programs\Recoil_Reconsturct\delta_force_batch_output\m250\ammo_detection.csv
      自动估算最大 pitch: 47.5917° (FOV=104° reference-horizontal, 2x)

STDERR
