COMMAND
C:\XiaodeDocuments\Programs\Recoil_Reconsturct\.venv\Scripts\python.exe C:\XiaodeDocuments\Programs\Recoil_Reconsturct\analyze_recoil.py D:\DF\P90.mp4 --output-dir C:\XiaodeDocuments\Programs\Recoil_Reconsturct\delta_force_batch_output\p90 --fov-deg 104 --fov-axis reference-horizontal --scope-magnification 2.0 --reticle-mode tick-lines --ammo-template-file C:\XiaodeDocuments\Programs\Recoil_Reconsturct\ammo_digit_templates.npz

STDOUT
[1/4] 视频 2560x1440 @ 120.000 fps；全片扫描弹药 ROI (2348, 1218, 2464, 1268) ...
      自动识别: OCR 弹匣 50 发，约 8 帧/发，分析范围 [265, 675]
      检出 50 个关键帧: [274, 282, 289, 297, 306, 313, 322, 330, 338, 347, 354, 362, 370, 378, 386, 394, 404, 409, 418, 426, 434, 442, 450, 459, 467, 474, 482, 490, 499, 507, 514, 523, 531, 538, 547, 554, 563, 571, 579, 587, 594, 602, 611, 619, 627, 636, 643, 652, 663, 664]
[2/4] 镜外 Feature Matching + RANSAC（镜内/枪体/HUD/高亮火花已屏蔽）...
      已处理 50/407 帧
      已处理 100/407 帧
      已处理 150/407 帧
      已处理 200/407 帧
      已处理 250/407 帧
      已处理 300/407 帧
      已处理 350/407 帧
      已处理 400/407 帧
[3/4] 合成准星实际交点与镜外相机变换，生成轨迹 ...
[4/4] 完成。输出:
      C:\XiaodeDocuments\Programs\Recoil_Reconsturct\delta_force_batch_output\p90\keyframes_recoil.csv
      C:\XiaodeDocuments\Programs\Recoil_Reconsturct\delta_force_batch_output\p90\all_frames_motion.csv
      C:\XiaodeDocuments\Programs\Recoil_Reconsturct\delta_force_batch_output\p90\summary.json
      C:\XiaodeDocuments\Programs\Recoil_Reconsturct\delta_force_batch_output\p90\recoil_trajectory.png
      C:\XiaodeDocuments\Programs\Recoil_Reconsturct\delta_force_batch_output\p90\reticle_keyframes_contact_sheet.jpg
      C:\XiaodeDocuments\Programs\Recoil_Reconsturct\delta_force_batch_output\p90\feature_mask.png
      C:\XiaodeDocuments\Programs\Recoil_Reconsturct\delta_force_batch_output\p90\ammo_detection.csv
      自动估算最大 pitch: 30.4394° (FOV=104° reference-horizontal, 2x)

STDERR
