COMMAND
C:\XiaodeDocuments\Programs\Recoil_Reconsturct\.venv\Scripts\python.exe C:\XiaodeDocuments\Programs\Recoil_Reconsturct\analyze_recoil.py D:\DF\勇士.mp4 --output-dir C:\XiaodeDocuments\Programs\Recoil_Reconsturct\delta_force_batch_output\vityaz --fov-deg 104 --fov-axis reference-horizontal --scope-magnification 2.0 --reticle-mode tick-lines --ammo-template-file C:\XiaodeDocuments\Programs\Recoil_Reconsturct\ammo_digit_templates.npz

STDOUT
[1/4] 视频 2560x1440 @ 120.000 fps；全片扫描弹药 ROI (2348, 1218, 2464, 1268) ...
      自动识别: OCR 弹匣 45 发，约 10 帧/发，分析范围 [187, 662]
      检出 45 个关键帧: [198, 208, 218, 229, 239, 249, 260, 271, 281, 291, 301, 311, 322, 332, 342, 353, 363, 374, 385, 394, 404, 414, 425, 436, 446, 456, 467, 481, 487, 497, 508, 519, 528, 539, 549, 560, 570, 580, 591, 600, 610, 621, 632, 641, 652]
[2/4] 镜外 Feature Matching + RANSAC（镜内/枪体/HUD/高亮火花已屏蔽）...
      已处理 50/475 帧
      已处理 100/475 帧
      已处理 150/475 帧
      已处理 200/475 帧
      已处理 250/475 帧
      已处理 300/475 帧
      已处理 350/475 帧
      已处理 400/475 帧
      已处理 450/475 帧
[3/4] 合成准星实际交点与镜外相机变换，生成轨迹 ...
[4/4] 完成。输出:
      C:\XiaodeDocuments\Programs\Recoil_Reconsturct\delta_force_batch_output\vityaz\keyframes_recoil.csv
      C:\XiaodeDocuments\Programs\Recoil_Reconsturct\delta_force_batch_output\vityaz\all_frames_motion.csv
      C:\XiaodeDocuments\Programs\Recoil_Reconsturct\delta_force_batch_output\vityaz\summary.json
      C:\XiaodeDocuments\Programs\Recoil_Reconsturct\delta_force_batch_output\vityaz\recoil_trajectory.png
      C:\XiaodeDocuments\Programs\Recoil_Reconsturct\delta_force_batch_output\vityaz\reticle_keyframes_contact_sheet.jpg
      C:\XiaodeDocuments\Programs\Recoil_Reconsturct\delta_force_batch_output\vityaz\feature_mask.png
      C:\XiaodeDocuments\Programs\Recoil_Reconsturct\delta_force_batch_output\vityaz\ammo_detection.csv
      自动估算最大 pitch: 38.3854° (FOV=104° reference-horizontal, 2x)

STDERR
