COMMAND
C:\XiaodeDocuments\Programs\Recoil_Reconsturct\.venv\Scripts\python.exe C:\XiaodeDocuments\Programs\Recoil_Reconsturct\analyze_recoil.py D:\DF\MP7.mp4 --output-dir C:\XiaodeDocuments\Programs\Recoil_Reconsturct\delta_force_batch_output\mp7 --fov-deg 104 --fov-axis reference-horizontal --scope-magnification 2.0 --reticle-mode tick-lines --ammo-template-file C:\XiaodeDocuments\Programs\Recoil_Reconsturct\ammo_digit_templates.npz

STDOUT
[1/4] 视频 2560x1440 @ 120.000 fps；全片扫描弹药 ROI (2348, 1218, 2464, 1268) ...
      自动识别: OCR 弹匣 60 发，约 8 帧/发，分析范围 [278, 760]
      检出 60 个关键帧: [286, 294, 301, 309, 316, 324, 331, 339, 346, 354, 361, 369, 377, 384, 391, 399, 407, 414, 422, 429, 436, 444, 451, 460, 468, 476, 483, 490, 497, 505, 512, 520, 528, 535, 543, 551, 558, 565, 573, 581, 588, 596, 603, 611, 618, 626, 634, 641, 649, 656, 664, 673, 686, 694, 702, 717, 725, 732, 745, 751]
[2/4] 镜外 Feature Matching + RANSAC（镜内/枪体/HUD/高亮火花已屏蔽）...
      已处理 50/481 帧
      已处理 100/481 帧
      已处理 150/481 帧
      已处理 200/481 帧
      已处理 250/481 帧
      已处理 300/481 帧
      已处理 350/481 帧
      已处理 400/481 帧
      已处理 450/481 帧
[3/4] 合成准星实际交点与镜外相机变换，生成轨迹 ...
[4/4] 完成。输出:
      C:\XiaodeDocuments\Programs\Recoil_Reconsturct\delta_force_batch_output\mp7\keyframes_recoil.csv
      C:\XiaodeDocuments\Programs\Recoil_Reconsturct\delta_force_batch_output\mp7\all_frames_motion.csv
      C:\XiaodeDocuments\Programs\Recoil_Reconsturct\delta_force_batch_output\mp7\summary.json
      C:\XiaodeDocuments\Programs\Recoil_Reconsturct\delta_force_batch_output\mp7\recoil_trajectory.png
      C:\XiaodeDocuments\Programs\Recoil_Reconsturct\delta_force_batch_output\mp7\reticle_keyframes_contact_sheet.jpg
      C:\XiaodeDocuments\Programs\Recoil_Reconsturct\delta_force_batch_output\mp7\feature_mask.png
      C:\XiaodeDocuments\Programs\Recoil_Reconsturct\delta_force_batch_output\mp7\ammo_detection.csv
      自动估算最大 pitch: 35.3900° (FOV=104° reference-horizontal, 2x)

STDERR
