COMMAND
C:\XiaodeDocuments\Programs\Recoil_Reconsturct\.venv\Scripts\python.exe C:\XiaodeDocuments\Programs\Recoil_Reconsturct\analyze_recoil.py D:\DF\MK47.mp4 --output-dir C:\XiaodeDocuments\Programs\Recoil_Reconsturct\delta_force_batch_output\mk47 --fov-deg 104 --fov-axis reference-horizontal --scope-magnification 2.0 --reticle-mode tick-lines --ammo-template-file C:\XiaodeDocuments\Programs\Recoil_Reconsturct\ammo_digit_templates.npz

STDOUT
[1/4] 视频 2560x1440 @ 120.000 fps；全片扫描弹药 ROI (2348, 1218, 2464, 1268) ...
      自动识别: OCR 弹匣 40 发，约 11 帧/发，分析范围 [226, 697]
      检出 40 个关键帧: [236, 247, 258, 270, 281, 293, 304, 316, 328, 339, 351, 362, 374, 386, 397, 408, 420, 431, 443, 455, 466, 478, 490, 501, 512, 524, 535, 547, 559, 570, 582, 593, 605, 616, 628, 639, 651, 663, 674, 686]
[2/4] 镜外 Feature Matching + RANSAC（镜内/枪体/HUD/高亮火花已屏蔽）...
      已处理 50/471 帧
      已处理 100/471 帧
      已处理 150/471 帧
      已处理 200/471 帧
      已处理 250/471 帧
      已处理 300/471 帧
      已处理 350/471 帧
      已处理 400/471 帧
      已处理 450/471 帧
[3/4] 合成准星实际交点与镜外相机变换，生成轨迹 ...
[4/4] 完成。输出:
      C:\XiaodeDocuments\Programs\Recoil_Reconsturct\delta_force_batch_output\mk47\keyframes_recoil.csv
      C:\XiaodeDocuments\Programs\Recoil_Reconsturct\delta_force_batch_output\mk47\all_frames_motion.csv
      C:\XiaodeDocuments\Programs\Recoil_Reconsturct\delta_force_batch_output\mk47\summary.json
      C:\XiaodeDocuments\Programs\Recoil_Reconsturct\delta_force_batch_output\mk47\recoil_trajectory.png
      C:\XiaodeDocuments\Programs\Recoil_Reconsturct\delta_force_batch_output\mk47\reticle_keyframes_contact_sheet.jpg
      C:\XiaodeDocuments\Programs\Recoil_Reconsturct\delta_force_batch_output\mk47\feature_mask.png
      C:\XiaodeDocuments\Programs\Recoil_Reconsturct\delta_force_batch_output\mk47\ammo_detection.csv
      自动估算最大 pitch: 47.9412° (FOV=104° reference-horizontal, 2x)

STDERR
