COMMAND
C:\XiaodeDocuments\Programs\Recoil_Reconsturct\.venv\Scripts\python.exe C:\XiaodeDocuments\Programs\Recoil_Reconsturct\analyze_recoil.py D:\DF\腾龙.mp4 --output-dir C:\XiaodeDocuments\Programs\Recoil_Reconsturct\delta_force_batch_output\tenglong --fov-deg 104 --fov-axis reference-horizontal --scope-magnification 2.0 --reticle-mode tick-lines --ammo-template-file C:\XiaodeDocuments\Programs\Recoil_Reconsturct\ammo_digit_templates.npz

STDOUT
[1/4] 视频 2560x1440 @ 120.000 fps；全片扫描弹药 ROI (2348, 1218, 2464, 1268) ...
      自动识别: OCR 弹匣 60 发，约 10 帧/发，分析范围 [228, 871]
      检出 60 个关键帧: [238, 249, 259, 269, 279, 289, 300, 310, 320, 330, 341, 351, 361, 371, 381, 391, 401, 412, 422, 432, 442, 452, 463, 473, 483, 493, 504, 514, 524, 534, 544, 555, 565, 575, 585, 595, 605, 616, 626, 636, 646, 656, 667, 677, 687, 697, 707, 717, 728, 738, 749, 758, 770, 779, 799, 809, 819, 830, 840, 858]
[2/4] 镜外 Feature Matching + RANSAC（镜内/枪体/HUD/高亮火花已屏蔽）...
      已处理 50/640 帧
      已处理 100/640 帧
      已处理 150/640 帧
      已处理 200/640 帧
      已处理 250/640 帧
      已处理 300/640 帧
      已处理 350/640 帧
      已处理 400/640 帧
      已处理 450/640 帧
      已处理 500/640 帧
      已处理 550/640 帧
      已处理 600/640 帧
[3/4] 合成准星实际交点与镜外相机变换，生成轨迹 ...
[4/4] 完成。输出:
      C:\XiaodeDocuments\Programs\Recoil_Reconsturct\delta_force_batch_output\tenglong\keyframes_recoil.csv
      C:\XiaodeDocuments\Programs\Recoil_Reconsturct\delta_force_batch_output\tenglong\all_frames_motion.csv
      C:\XiaodeDocuments\Programs\Recoil_Reconsturct\delta_force_batch_output\tenglong\summary.json
      C:\XiaodeDocuments\Programs\Recoil_Reconsturct\delta_force_batch_output\tenglong\recoil_trajectory.png
      C:\XiaodeDocuments\Programs\Recoil_Reconsturct\delta_force_batch_output\tenglong\reticle_keyframes_contact_sheet.jpg
      C:\XiaodeDocuments\Programs\Recoil_Reconsturct\delta_force_batch_output\tenglong\feature_mask.png
      C:\XiaodeDocuments\Programs\Recoil_Reconsturct\delta_force_batch_output\tenglong\ammo_detection.csv
      自动估算最大 pitch: 49.0637° (FOV=104° reference-horizontal, 2x)

STDERR
