COMMAND
C:\XiaodeDocuments\Programs\Recoil_Reconsturct\.venv\Scripts\python.exe C:\XiaodeDocuments\Programs\Recoil_Reconsturct\analyze_recoil.py D:\DF\M16A4.mp4 --output-dir C:\XiaodeDocuments\Programs\Recoil_Reconsturct\delta_force_batch_output\m16a4 --fov-deg 104 --fov-axis reference-horizontal --scope-magnification 2.0 --reticle-mode tick-lines --ammo-template-file C:\XiaodeDocuments\Programs\Recoil_Reconsturct\ammo_digit_templates.npz

STDOUT
[1/4] 视频 2560x1440 @ 120.000 fps；全片扫描弹药 ROI (2348, 1218, 2464, 1268) ...
      自动识别: OCR 弹匣 60 发，约 8 帧/发，分析范围 [278, 1135]
      检出 60 个关键帧: [286, 301, 330, 336, 344, 370, 379, 386, 413, 421, 429, 455, 463, 472, 498, 506, 514, 541, 549, 556, 575, 583, 591, 599, 625, 633, 641, 667, 675, 683, 710, 726, 754, 761, 770, 796, 804, 813, 839, 847, 855, 881, 889, 897, 924, 932, 960, 966, 974, 983, 1002, 1017, 1025, 1052, 1060, 1068, 1083, 1102, 1110, 1122]
[2/4] 镜外 Feature Matching + RANSAC（镜内/枪体/HUD/高亮火花已屏蔽）...
      已处理 50/852 帧
      已处理 100/852 帧
      已处理 150/852 帧
      已处理 200/852 帧
      已处理 250/852 帧
      已处理 300/852 帧
      已处理 350/852 帧
      已处理 400/852 帧
      已处理 450/852 帧
      已处理 500/852 帧
      已处理 550/852 帧
      已处理 600/852 帧
      已处理 650/852 帧
      已处理 700/852 帧
      已处理 750/852 帧
      已处理 800/852 帧
      已处理 850/852 帧
[3/4] 合成准星实际交点与镜外相机变换，生成轨迹 ...
[4/4] 完成。输出:
      C:\XiaodeDocuments\Programs\Recoil_Reconsturct\delta_force_batch_output\m16a4\keyframes_recoil.csv
      C:\XiaodeDocuments\Programs\Recoil_Reconsturct\delta_force_batch_output\m16a4\all_frames_motion.csv
      C:\XiaodeDocuments\Programs\Recoil_Reconsturct\delta_force_batch_output\m16a4\summary.json
      C:\XiaodeDocuments\Programs\Recoil_Reconsturct\delta_force_batch_output\m16a4\recoil_trajectory.png
      C:\XiaodeDocuments\Programs\Recoil_Reconsturct\delta_force_batch_output\m16a4\reticle_keyframes_contact_sheet.jpg
      C:\XiaodeDocuments\Programs\Recoil_Reconsturct\delta_force_batch_output\m16a4\feature_mask.png
      C:\XiaodeDocuments\Programs\Recoil_Reconsturct\delta_force_batch_output\m16a4\ammo_detection.csv
      自动估算最大 pitch: 21.1319° (FOV=104° reference-horizontal, 2x)

STDERR
