COMMAND
C:\XiaodeDocuments\Programs\Recoil_Reconsturct\.venv\Scripts\python.exe C:\XiaodeDocuments\Programs\Recoil_Reconsturct\analyze_recoil.py D:\DF\CAR-15.mp4 --output-dir C:\XiaodeDocuments\Programs\Recoil_Reconsturct\delta_force_batch_output\car-15 --fov-deg 104 --fov-axis reference-horizontal --scope-magnification 2.0 --reticle-mode tick-lines --ammo-template-file C:\XiaodeDocuments\Programs\Recoil_Reconsturct\ammo_digit_templates.npz

STDOUT
[1/4] 视频 2560x1440 @ 120.000 fps；全片扫描弹药 ROI (2348, 1218, 2464, 1268) ...
      自动识别: OCR 弹匣 60 发，约 11 帧/发，分析范围 [258, 948]
      检出 60 个关键帧: [268, 278, 289, 300, 311, 323, 334, 346, 357, 369, 380, 391, 402, 414, 425, 437, 449, 459, 471, 482, 494, 505, 516, 527, 540, 550, 561, 573, 584, 596, 607, 618, 630, 641, 652, 664, 675, 687, 698, 710, 721, 732, 744, 755, 766, 778, 789, 800, 812, 823, 834, 845, 857, 869, 880, 891, 903, 914, 925, 937]
[2/4] 镜外 Feature Matching + RANSAC（镜内/枪体/HUD/高亮火花已屏蔽）...
      已处理 50/690 帧
      已处理 100/690 帧
      已处理 150/690 帧
      已处理 200/690 帧
      已处理 250/690 帧
      已处理 300/690 帧
      已处理 350/690 帧
      已处理 400/690 帧
      已处理 450/690 帧
      已处理 500/690 帧
      已处理 550/690 帧
      已处理 600/690 帧
      已处理 650/690 帧
[3/4] 合成准星实际交点与镜外相机变换，生成轨迹 ...
[4/4] 完成。输出:
      C:\XiaodeDocuments\Programs\Recoil_Reconsturct\delta_force_batch_output\car-15\keyframes_recoil.csv
      C:\XiaodeDocuments\Programs\Recoil_Reconsturct\delta_force_batch_output\car-15\all_frames_motion.csv
      C:\XiaodeDocuments\Programs\Recoil_Reconsturct\delta_force_batch_output\car-15\summary.json
      C:\XiaodeDocuments\Programs\Recoil_Reconsturct\delta_force_batch_output\car-15\recoil_trajectory.png
      C:\XiaodeDocuments\Programs\Recoil_Reconsturct\delta_force_batch_output\car-15\reticle_keyframes_contact_sheet.jpg
      C:\XiaodeDocuments\Programs\Recoil_Reconsturct\delta_force_batch_output\car-15\feature_mask.png
      C:\XiaodeDocuments\Programs\Recoil_Reconsturct\delta_force_batch_output\car-15\ammo_detection.csv
      自动估算最大 pitch: 33.3925° (FOV=104° reference-horizontal, 2x)

STDERR
