COMMAND
C:\XiaodeDocuments\Programs\Recoil_Reconsturct\.venv\Scripts\python.exe C:\XiaodeDocuments\Programs\Recoil_Reconsturct\analyze_recoil.py D:\DF\QJB201.mp4 --output-dir C:\XiaodeDocuments\Programs\Recoil_Reconsturct\delta_force_batch_output\qjb201 --fov-deg 104 --fov-axis reference-horizontal --scope-magnification 2.0 --reticle-mode tick-lines --ammo-template-file C:\XiaodeDocuments\Programs\Recoil_Reconsturct\ammo_digit_templates.npz

STDOUT
[1/4] 视频 2560x1440 @ 120.000 fps；全片扫描弹药 ROI (2348, 1218, 2464, 1268) ...
      自动识别: OCR 弹匣 60 发，约 10 帧/发，分析范围 [182, 743]
      检出 60 个关键帧: [193, 203, 212, 221, 230, 239, 248, 257, 266, 276, 285, 294, 304, 313, 321, 332, 340, 349, 358, 368, 377, 385, 395, 404, 414, 423, 432, 440, 449, 458, 467, 477, 486, 495, 504, 514, 523, 532, 541, 550, 559, 568, 579, 587, 597, 605, 614, 623, 632, 641, 651, 659, 669, 678, 687, 696, 706, 716, 724, 733]
[2/4] 镜外 Feature Matching + RANSAC（镜内/枪体/HUD/高亮火花已屏蔽）...
      已处理 50/561 帧
      已处理 100/561 帧
      已处理 150/561 帧
      已处理 200/561 帧
      已处理 250/561 帧
      已处理 300/561 帧
      已处理 350/561 帧
      已处理 400/561 帧
      已处理 450/561 帧
      已处理 500/561 帧
      已处理 550/561 帧
[3/4] 合成准星实际交点与镜外相机变换，生成轨迹 ...
[4/4] 完成。输出:
      C:\XiaodeDocuments\Programs\Recoil_Reconsturct\delta_force_batch_output\qjb201\keyframes_recoil.csv
      C:\XiaodeDocuments\Programs\Recoil_Reconsturct\delta_force_batch_output\qjb201\all_frames_motion.csv
      C:\XiaodeDocuments\Programs\Recoil_Reconsturct\delta_force_batch_output\qjb201\summary.json
      C:\XiaodeDocuments\Programs\Recoil_Reconsturct\delta_force_batch_output\qjb201\recoil_trajectory.png
      C:\XiaodeDocuments\Programs\Recoil_Reconsturct\delta_force_batch_output\qjb201\reticle_keyframes_contact_sheet.jpg
      C:\XiaodeDocuments\Programs\Recoil_Reconsturct\delta_force_batch_output\qjb201\feature_mask.png
      C:\XiaodeDocuments\Programs\Recoil_Reconsturct\delta_force_batch_output\qjb201\ammo_detection.csv
      自动估算最大 pitch: 36.6526° (FOV=104° reference-horizontal, 2x)

STDERR
