COMMAND
C:\XiaodeDocuments\Programs\Recoil_Reconsturct\.venv\Scripts\python.exe C:\XiaodeDocuments\Programs\Recoil_Reconsturct\analyze_recoil.py D:\DF\G3.mp4 --output-dir C:\XiaodeDocuments\Programs\Recoil_Reconsturct\delta_force_batch_output\g3 --fov-deg 104 --fov-axis reference-horizontal --scope-magnification 2.0 --reticle-mode tick-lines --ammo-template-file C:\XiaodeDocuments\Programs\Recoil_Reconsturct\ammo_digit_templates.npz

STDOUT
[1/4] 视频 2560x1440 @ 120.000 fps；全片扫描弹药 ROI (2348, 1218, 2464, 1268) ...
      自动识别: OCR 弹匣 50 发，约 14 帧/发，分析范围 [180, 872]
      检出 50 个关键帧: [194, 208, 221, 235, 248, 262, 275, 289, 303, 316, 331, 344, 357, 371, 386, 398, 412, 425, 439, 452, 467, 479, 493, 506, 520, 533, 547, 560, 574, 588, 602, 614, 628, 641, 655, 668, 681, 695, 710, 723, 739, 751, 763, 777, 791, 804, 817, 831, 844, 858]
[2/4] 镜外 Feature Matching + RANSAC（镜内/枪体/HUD/高亮火花已屏蔽）...
      已处理 50/692 帧
      已处理 100/692 帧
      已处理 150/692 帧
      已处理 200/692 帧
      已处理 250/692 帧
      已处理 300/692 帧
      已处理 350/692 帧
      已处理 400/692 帧
      已处理 450/692 帧
      已处理 500/692 帧
      已处理 550/692 帧
      已处理 600/692 帧
      已处理 650/692 帧
[3/4] 合成准星实际交点与镜外相机变换，生成轨迹 ...
[4/4] 完成。输出:
      C:\XiaodeDocuments\Programs\Recoil_Reconsturct\delta_force_batch_output\g3\keyframes_recoil.csv
      C:\XiaodeDocuments\Programs\Recoil_Reconsturct\delta_force_batch_output\g3\all_frames_motion.csv
      C:\XiaodeDocuments\Programs\Recoil_Reconsturct\delta_force_batch_output\g3\summary.json
      C:\XiaodeDocuments\Programs\Recoil_Reconsturct\delta_force_batch_output\g3\recoil_trajectory.png
      C:\XiaodeDocuments\Programs\Recoil_Reconsturct\delta_force_batch_output\g3\reticle_keyframes_contact_sheet.jpg
      C:\XiaodeDocuments\Programs\Recoil_Reconsturct\delta_force_batch_output\g3\feature_mask.png
      C:\XiaodeDocuments\Programs\Recoil_Reconsturct\delta_force_batch_output\g3\ammo_detection.csv
      自动估算最大 pitch: 33.8442° (FOV=104° reference-horizontal, 2x)

STDERR
