COMMAND
C:\XiaodeDocuments\Programs\Recoil_Reconsturct\.venv\Scripts\python.exe C:\XiaodeDocuments\Programs\Recoil_Reconsturct\analyze_recoil.py D:\DF\SR-25.mp4 --output-dir C:\XiaodeDocuments\Programs\Recoil_Reconsturct\delta_force_batch_output\sr-25 --fov-deg 104 --fov-axis reference-horizontal --scope-magnification 2.0 --reticle-mode tick-lines --ammo-template-file C:\XiaodeDocuments\Programs\Recoil_Reconsturct\ammo_digit_templates.npz

STDOUT
[1/4] 视频 2560x1440 @ 120.000 fps；全片扫描弹药 ROI (2348, 1218, 2464, 1268) ...
      自动识别: OCR 弹匣 30 发，约 21 帧/发，分析范围 [193, 849]
      检出 30 个关键帧: [213, 235, 256, 277, 298, 319, 340, 362, 383, 404, 425, 447, 468, 489, 510, 531, 553, 574, 596, 617, 638, 659, 680, 701, 722, 742, 764, 785, 806, 828]
[2/4] 镜外 Feature Matching + RANSAC（镜内/枪体/HUD/高亮火花已屏蔽）...
      已处理 50/656 帧
      已处理 100/656 帧
      已处理 150/656 帧
      已处理 200/656 帧
      已处理 250/656 帧
      已处理 300/656 帧
      已处理 350/656 帧
      已处理 400/656 帧
      已处理 450/656 帧
      已处理 500/656 帧
      已处理 550/656 帧
      已处理 600/656 帧
      已处理 650/656 帧
[3/4] 合成准星实际交点与镜外相机变换，生成轨迹 ...
[4/4] 完成。输出:
      C:\XiaodeDocuments\Programs\Recoil_Reconsturct\delta_force_batch_output\sr-25\keyframes_recoil.csv
      C:\XiaodeDocuments\Programs\Recoil_Reconsturct\delta_force_batch_output\sr-25\all_frames_motion.csv
      C:\XiaodeDocuments\Programs\Recoil_Reconsturct\delta_force_batch_output\sr-25\summary.json
      C:\XiaodeDocuments\Programs\Recoil_Reconsturct\delta_force_batch_output\sr-25\recoil_trajectory.png
      C:\XiaodeDocuments\Programs\Recoil_Reconsturct\delta_force_batch_output\sr-25\reticle_keyframes_contact_sheet.jpg
      C:\XiaodeDocuments\Programs\Recoil_Reconsturct\delta_force_batch_output\sr-25\feature_mask.png
      C:\XiaodeDocuments\Programs\Recoil_Reconsturct\delta_force_batch_output\sr-25\ammo_detection.csv
      自动估算最大 pitch: 35.9560° (FOV=104° reference-horizontal, 2x)

STDERR
