COMMAND
C:\XiaodeDocuments\Programs\Recoil_Reconsturct\.venv\Scripts\python.exe C:\XiaodeDocuments\Programs\Recoil_Reconsturct\analyze_recoil.py D:\DF\PTR-32.mp4 --output-dir C:\XiaodeDocuments\Programs\Recoil_Reconsturct\delta_force_batch_output\ptr-32 --fov-deg 104 --fov-axis reference-horizontal --scope-magnification 2.0 --reticle-mode tick-lines --ammo-template-file C:\XiaodeDocuments\Programs\Recoil_Reconsturct\ammo_digit_templates.npz

STDOUT
[1/4] 视频 2560x1440 @ 120.000 fps；全片扫描弹药 ROI (2348, 1218, 2464, 1268) ...
      自动识别: OCR 弹匣 40 发，约 12 帧/发，分析范围 [144, 611]
      检出 40 个关键帧: [156, 167, 178, 189, 201, 212, 224, 235, 246, 258, 269, 280, 291, 303, 314, 326, 337, 349, 360, 372, 383, 394, 406, 417, 428, 440, 451, 462, 474, 485, 496, 508, 519, 531, 543, 553, 565, 576, 587, 599]
[2/4] 镜外 Feature Matching + RANSAC（镜内/枪体/HUD/高亮火花已屏蔽）...
      已处理 50/467 帧
      已处理 100/467 帧
      已处理 150/467 帧
      已处理 200/467 帧
      已处理 250/467 帧
      已处理 300/467 帧
      已处理 350/467 帧
      已处理 400/467 帧
      已处理 450/467 帧
[3/4] 合成准星实际交点与镜外相机变换，生成轨迹 ...
[4/4] 完成。输出:
      C:\XiaodeDocuments\Programs\Recoil_Reconsturct\delta_force_batch_output\ptr-32\keyframes_recoil.csv
      C:\XiaodeDocuments\Programs\Recoil_Reconsturct\delta_force_batch_output\ptr-32\all_frames_motion.csv
      C:\XiaodeDocuments\Programs\Recoil_Reconsturct\delta_force_batch_output\ptr-32\summary.json
      C:\XiaodeDocuments\Programs\Recoil_Reconsturct\delta_force_batch_output\ptr-32\recoil_trajectory.png
      C:\XiaodeDocuments\Programs\Recoil_Reconsturct\delta_force_batch_output\ptr-32\reticle_keyframes_contact_sheet.jpg
      C:\XiaodeDocuments\Programs\Recoil_Reconsturct\delta_force_batch_output\ptr-32\feature_mask.png
      C:\XiaodeDocuments\Programs\Recoil_Reconsturct\delta_force_batch_output\ptr-32\ammo_detection.csv
      自动估算最大 pitch: 24.4196° (FOV=104° reference-horizontal, 2x)

STDERR
