COMMAND
C:\XiaodeDocuments\Programs\Recoil_Reconsturct\.venv\Scripts\python.exe C:\XiaodeDocuments\Programs\Recoil_Reconsturct\analyze_recoil.py D:\DF\K437.mp4 --output-dir C:\XiaodeDocuments\Programs\Recoil_Reconsturct\delta_force_batch_output\k437 --fov-deg 104 --fov-axis reference-horizontal --scope-magnification 2.0 --reticle-mode tick-lines --ammo-template-file C:\XiaodeDocuments\Programs\Recoil_Reconsturct\ammo_digit_templates.npz

STDOUT
[1/4] 视频 2560x1440 @ 120.000 fps；全片扫描弹药 ROI (2348, 1218, 2464, 1268) ...
      自动识别: OCR 弹匣 60 发，约 9 帧/发，分析范围 [489, 1050]
      检出 60 个关键帧: [497, 506, 515, 524, 534, 544, 552, 561, 570, 580, 589, 598, 607, 616, 626, 635, 644, 653, 662, 672, 681, 690, 699, 708, 718, 727, 736, 745, 755, 763, 773, 782, 791, 800, 809, 819, 828, 837, 847, 856, 865, 874, 883, 892, 902, 911, 920, 929, 939, 947, 956, 966, 975, 984, 993, 1003, 1012, 1026, 1030, 1038]
[2/4] 镜外 Feature Matching + RANSAC（镜内/枪体/HUD/高亮火花已屏蔽）...
      已处理 50/558 帧
      已处理 100/558 帧
      已处理 150/558 帧
      已处理 200/558 帧
      已处理 250/558 帧
      已处理 300/558 帧
      已处理 350/558 帧
      已处理 400/558 帧
      已处理 450/558 帧
      已处理 500/558 帧
      已处理 550/558 帧
[3/4] 合成准星实际交点与镜外相机变换，生成轨迹 ...
[4/4] 完成。输出:
      C:\XiaodeDocuments\Programs\Recoil_Reconsturct\delta_force_batch_output\k437\keyframes_recoil.csv
      C:\XiaodeDocuments\Programs\Recoil_Reconsturct\delta_force_batch_output\k437\all_frames_motion.csv
      C:\XiaodeDocuments\Programs\Recoil_Reconsturct\delta_force_batch_output\k437\summary.json
      C:\XiaodeDocuments\Programs\Recoil_Reconsturct\delta_force_batch_output\k437\recoil_trajectory.png
      C:\XiaodeDocuments\Programs\Recoil_Reconsturct\delta_force_batch_output\k437\reticle_keyframes_contact_sheet.jpg
      C:\XiaodeDocuments\Programs\Recoil_Reconsturct\delta_force_batch_output\k437\feature_mask.png
      C:\XiaodeDocuments\Programs\Recoil_Reconsturct\delta_force_batch_output\k437\ammo_detection.csv
      自动估算最大 pitch: 37.2693° (FOV=104° reference-horizontal, 2x)

STDERR
