COMMAND
C:\XiaodeDocuments\Programs\Recoil_Reconsturct\.venv\Scripts\python.exe C:\XiaodeDocuments\Programs\Recoil_Reconsturct\analyze_recoil.py D:\DF\AK-12.mp4 --output-dir C:\XiaodeDocuments\Programs\Recoil_Reconsturct\delta_force_batch_output\ak-12 --fov-deg 104 --fov-axis reference-horizontal --scope-magnification 2.0 --reticle-mode tick-lines --ammo-template-file C:\XiaodeDocuments\Programs\Recoil_Reconsturct\ammo_digit_templates.npz

STDOUT
[1/4] 视频 2560x1440 @ 120.000 fps；全片扫描弹药 ROI (2348, 1218, 2464, 1268) ...
      自动识别: OCR 弹匣 75 发，约 10 帧/发，分析范围 [212, 955]
      检出 75 个关键帧: [221, 231, 241, 250, 260, 270, 280, 290, 300, 310, 319, 329, 339, 349, 358, 368, 378, 389, 397, 407, 417, 427, 436, 446, 456, 466, 476, 486, 495, 505, 515, 525, 535, 544, 554, 564, 574, 583, 593, 603, 613, 623, 632, 642, 652, 662, 671, 681, 691, 701, 710, 721, 730, 740, 750, 759, 769, 779, 789, 799, 808, 818, 828, 838, 848, 857, 867, 877, 887, 896, 907, 916, 926, 935, 945]
[2/4] 镜外 Feature Matching + RANSAC（镜内/枪体/HUD/高亮火花已屏蔽）...
      已处理 50/743 帧
      已处理 100/743 帧
      已处理 150/743 帧
      已处理 200/743 帧
      已处理 250/743 帧
      已处理 300/743 帧
      已处理 350/743 帧
      已处理 400/743 帧
      已处理 450/743 帧
      已处理 500/743 帧
      已处理 550/743 帧
      已处理 600/743 帧
      已处理 650/743 帧
      已处理 700/743 帧
[3/4] 合成准星实际交点与镜外相机变换，生成轨迹 ...
[4/4] 完成。输出:
      C:\XiaodeDocuments\Programs\Recoil_Reconsturct\delta_force_batch_output\ak-12\keyframes_recoil.csv
      C:\XiaodeDocuments\Programs\Recoil_Reconsturct\delta_force_batch_output\ak-12\all_frames_motion.csv
      C:\XiaodeDocuments\Programs\Recoil_Reconsturct\delta_force_batch_output\ak-12\summary.json
      C:\XiaodeDocuments\Programs\Recoil_Reconsturct\delta_force_batch_output\ak-12\recoil_trajectory.png
      C:\XiaodeDocuments\Programs\Recoil_Reconsturct\delta_force_batch_output\ak-12\reticle_keyframes_contact_sheet.jpg
      C:\XiaodeDocuments\Programs\Recoil_Reconsturct\delta_force_batch_output\ak-12\feature_mask.png
      C:\XiaodeDocuments\Programs\Recoil_Reconsturct\delta_force_batch_output\ak-12\ammo_detection.csv
      自动估算最大 pitch: 46.2837° (FOV=104° reference-horizontal, 2x)

STDERR
