COMMAND
C:\XiaodeDocuments\Programs\Recoil_Reconsturct\.venv\Scripts\python.exe C:\XiaodeDocuments\Programs\Recoil_Reconsturct\analyze_recoil.py D:\DF\QBZ95-1.mp4 --output-dir C:\XiaodeDocuments\Programs\Recoil_Reconsturct\delta_force_batch_output\qbz95-1 --fov-deg 104 --fov-axis reference-horizontal --scope-magnification 2.0 --reticle-mode tick-lines --ammo-template-file C:\XiaodeDocuments\Programs\Recoil_Reconsturct\ammo_digit_templates.npz

STDOUT
[1/4] 视频 2560x1440 @ 120.000 fps；全片扫描弹药 ROI (2348, 1218, 2464, 1268) ...
      自动识别: OCR 弹匣 60 发，约 11 帧/发，分析范围 [377, 1046]
      检出 60 个关键帧: [388, 399, 409, 420, 430, 441, 452, 462, 473, 483, 494, 505, 515, 527, 536, 547, 557, 568, 579, 590, 600, 610, 621, 631, 642, 653, 664, 674, 685, 695, 706, 717, 727, 739, 749, 759, 771, 780, 791, 801, 812, 823, 833, 844, 855, 865, 876, 888, 897, 907, 918, 929, 942, 960, 971, 982, 992, 1003, 1013, 1032]
[2/4] 镜外 Feature Matching + RANSAC（镜内/枪体/HUD/高亮火花已屏蔽）...
      已处理 50/666 帧
      已处理 100/666 帧
      已处理 150/666 帧
      已处理 200/666 帧
      已处理 250/666 帧
      已处理 300/666 帧
      已处理 350/666 帧
      已处理 400/666 帧
      已处理 450/666 帧
      已处理 500/666 帧
      已处理 550/666 帧
      已处理 600/666 帧
      已处理 650/666 帧
[3/4] 合成准星实际交点与镜外相机变换，生成轨迹 ...
[4/4] 完成。输出:
      C:\XiaodeDocuments\Programs\Recoil_Reconsturct\delta_force_batch_output\qbz95-1\keyframes_recoil.csv
      C:\XiaodeDocuments\Programs\Recoil_Reconsturct\delta_force_batch_output\qbz95-1\all_frames_motion.csv
      C:\XiaodeDocuments\Programs\Recoil_Reconsturct\delta_force_batch_output\qbz95-1\summary.json
      C:\XiaodeDocuments\Programs\Recoil_Reconsturct\delta_force_batch_output\qbz95-1\recoil_trajectory.png
      C:\XiaodeDocuments\Programs\Recoil_Reconsturct\delta_force_batch_output\qbz95-1\reticle_keyframes_contact_sheet.jpg
      C:\XiaodeDocuments\Programs\Recoil_Reconsturct\delta_force_batch_output\qbz95-1\feature_mask.png
      C:\XiaodeDocuments\Programs\Recoil_Reconsturct\delta_force_batch_output\qbz95-1\ammo_detection.csv
      自动估算最大 pitch: 45.1668° (FOV=104° reference-horizontal, 2x)

STDERR
