COMMAND
C:\XiaodeDocuments\Programs\Recoil_Reconsturct\.venv\Scripts\python.exe C:\XiaodeDocuments\Programs\Recoil_Reconsturct\analyze_recoil.py D:\DF\RM277_x1_opx2.mp4 --output-dir C:\XiaodeDocuments\Programs\Recoil_Reconsturct\delta_force_batch_output\rm277 --fov-deg 104 --fov-axis reference-horizontal --scope-magnification 2.0 --reticle-mode tick-lines --ammo-template-file C:\XiaodeDocuments\Programs\Recoil_Reconsturct\ammo_digit_templates.npz

STDOUT
[1/4] 视频 2560x1440 @ 120.000 fps；全片扫描弹药 ROI (2348, 1218, 2464, 1268) ...
      自动识别: OCR 弹匣 45 发，约 13 帧/发，分析范围 [394, 995]
      检出 45 个关键帧: [407, 420, 434, 446, 459, 472, 485, 498, 511, 524, 538, 551, 564, 577, 590, 603, 613, 629, 642, 655, 668, 682, 694, 708, 721, 734, 747, 760, 773, 786, 799, 812, 825, 839, 851, 865, 878, 891, 904, 917, 930, 943, 956, 969, 982]
[2/4] 镜外 Feature Matching + RANSAC（镜内/枪体/HUD/高亮火花已屏蔽）...
      已处理 50/601 帧
      已处理 100/601 帧
      已处理 150/601 帧
      已处理 200/601 帧
      已处理 250/601 帧
      已处理 300/601 帧
      已处理 350/601 帧
      已处理 400/601 帧
      已处理 450/601 帧
      已处理 500/601 帧
      已处理 550/601 帧
      已处理 600/601 帧
[3/4] 合成准星实际交点与镜外相机变换，生成轨迹 ...
[4/4] 完成。输出:
      C:\XiaodeDocuments\Programs\Recoil_Reconsturct\delta_force_batch_output\rm277\keyframes_recoil.csv
      C:\XiaodeDocuments\Programs\Recoil_Reconsturct\delta_force_batch_output\rm277\all_frames_motion.csv
      C:\XiaodeDocuments\Programs\Recoil_Reconsturct\delta_force_batch_output\rm277\summary.json
      C:\XiaodeDocuments\Programs\Recoil_Reconsturct\delta_force_batch_output\rm277\recoil_trajectory.png
      C:\XiaodeDocuments\Programs\Recoil_Reconsturct\delta_force_batch_output\rm277\reticle_keyframes_contact_sheet.jpg
      C:\XiaodeDocuments\Programs\Recoil_Reconsturct\delta_force_batch_output\rm277\feature_mask.png
      C:\XiaodeDocuments\Programs\Recoil_Reconsturct\delta_force_batch_output\rm277\ammo_detection.csv
      自动估算最大 pitch: 35.2545° (FOV=104° reference-horizontal, 2x)

STDERR
