COMMAND
C:\XiaodeDocuments\Programs\Recoil_Reconsturct\.venv\Scripts\python.exe C:\XiaodeDocuments\Programs\Recoil_Reconsturct\analyze_recoil.py D:\DF\K416.mp4 --output-dir C:\XiaodeDocuments\Programs\Recoil_Reconsturct\delta_force_batch_output\k416 --fov-deg 104 --fov-axis reference-horizontal --scope-magnification 2.0 --reticle-mode tick-lines --ammo-template-file C:\XiaodeDocuments\Programs\Recoil_Reconsturct\ammo_digit_templates.npz

STDOUT
[1/4] 视频 2560x1440 @ 120.000 fps；全片扫描弹药 ROI (2348, 1218, 2464, 1268) ...
      自动识别: OCR 弹匣 60 发，约 8 帧/发，分析范围 [728, 1229]
      检出 60 个关键帧: [736, 744, 753, 761, 768, 778, 785, 793, 803, 810, 818, 826, 834, 842, 851, 859, 867, 876, 884, 892, 900, 908, 917, 925, 933, 941, 949, 958, 966, 974, 982, 991, 999, 1007, 1015, 1024, 1035, 1039, 1048, 1055, 1064, 1072, 1080, 1089, 1097, 1105, 1114, 1122, 1131, 1138, 1146, 1154, 1163, 1171, 1179, 1188, 1195, 1203, 1212, 1220]
[2/4] 镜外 Feature Matching + RANSAC（镜内/枪体/HUD/高亮火花已屏蔽）...
      已处理 50/500 帧
      已处理 100/500 帧
      已处理 150/500 帧
      已处理 200/500 帧
      已处理 250/500 帧
      已处理 300/500 帧
      已处理 350/500 帧
      已处理 400/500 帧
      已处理 450/500 帧
      已处理 500/500 帧
[3/4] 合成准星实际交点与镜外相机变换，生成轨迹 ...
[4/4] 完成。输出:
      C:\XiaodeDocuments\Programs\Recoil_Reconsturct\delta_force_batch_output\k416\keyframes_recoil.csv
      C:\XiaodeDocuments\Programs\Recoil_Reconsturct\delta_force_batch_output\k416\all_frames_motion.csv
      C:\XiaodeDocuments\Programs\Recoil_Reconsturct\delta_force_batch_output\k416\summary.json
      C:\XiaodeDocuments\Programs\Recoil_Reconsturct\delta_force_batch_output\k416\recoil_trajectory.png
      C:\XiaodeDocuments\Programs\Recoil_Reconsturct\delta_force_batch_output\k416\reticle_keyframes_contact_sheet.jpg
      C:\XiaodeDocuments\Programs\Recoil_Reconsturct\delta_force_batch_output\k416\feature_mask.png
      C:\XiaodeDocuments\Programs\Recoil_Reconsturct\delta_force_batch_output\k416\ammo_detection.csv
      自动估算最大 pitch: 44.3083° (FOV=104° reference-horizontal, 2x)

STDERR
