COMMAND
C:\XiaodeDocuments\Programs\Recoil_Reconsturct\.venv\Scripts\python.exe C:\XiaodeDocuments\Programs\Recoil_Reconsturct\analyze_recoil.py D:\DF\M7.mp4 --output-dir C:\XiaodeDocuments\Programs\Recoil_Reconsturct\delta_force_batch_output\m7 --fov-deg 104 --fov-axis reference-horizontal --scope-magnification 2.0 --reticle-mode tick-lines --ammo-template-file C:\XiaodeDocuments\Programs\Recoil_Reconsturct\ammo_digit_templates.npz

STDOUT
[1/4] 视频 2560x1440 @ 120.000 fps；全片扫描弹药 ROI (2348, 1218, 2464, 1268) ...
      自动识别: OCR 弹匣 45 发，约 11 帧/发，分析范围 [288, 795]
      检出 45 个关键帧: [298, 308, 320, 331, 341, 352, 364, 375, 386, 397, 408, 419, 430, 441, 453, 464, 474, 486, 497, 508, 519, 530, 543, 553, 563, 574, 585, 596, 607, 618, 630, 640, 652, 662, 674, 685, 696, 707, 718, 729, 740, 751, 762, 773, 784]
[2/4] 镜外 Feature Matching + RANSAC（镜内/枪体/HUD/高亮火花已屏蔽）...
      已处理 50/507 帧
      已处理 100/507 帧
      已处理 150/507 帧
      已处理 200/507 帧
      已处理 250/507 帧
      已处理 300/507 帧
      已处理 350/507 帧
      已处理 400/507 帧
      已处理 450/507 帧
      已处理 500/507 帧
[3/4] 合成准星实际交点与镜外相机变换，生成轨迹 ...
[4/4] 完成。输出:
      C:\XiaodeDocuments\Programs\Recoil_Reconsturct\delta_force_batch_output\m7\keyframes_recoil.csv
      C:\XiaodeDocuments\Programs\Recoil_Reconsturct\delta_force_batch_output\m7\all_frames_motion.csv
      C:\XiaodeDocuments\Programs\Recoil_Reconsturct\delta_force_batch_output\m7\summary.json
      C:\XiaodeDocuments\Programs\Recoil_Reconsturct\delta_force_batch_output\m7\recoil_trajectory.png
      C:\XiaodeDocuments\Programs\Recoil_Reconsturct\delta_force_batch_output\m7\reticle_keyframes_contact_sheet.jpg
      C:\XiaodeDocuments\Programs\Recoil_Reconsturct\delta_force_batch_output\m7\feature_mask.png
      C:\XiaodeDocuments\Programs\Recoil_Reconsturct\delta_force_batch_output\m7\ammo_detection.csv
      自动估算最大 pitch: 31.2660° (FOV=104° reference-horizontal, 2x)

STDERR
