COMMAND
C:\XiaodeDocuments\Programs\Recoil_Reconsturct\.venv\Scripts\python.exe C:\XiaodeDocuments\Programs\Recoil_Reconsturct\analyze_recoil.py D:\DF\野牛.mp4 --output-dir C:\XiaodeDocuments\Programs\Recoil_Reconsturct\delta_force_batch_output\bizon --fov-deg 104 --fov-axis reference-horizontal --scope-magnification 2.0 --reticle-mode tick-lines --ammo-template-file C:\XiaodeDocuments\Programs\Recoil_Reconsturct\ammo_digit_templates.npz

STDOUT
[1/4] 视频 2560x1440 @ 120.000 fps；全片扫描弹药 ROI (2348, 1218, 2464, 1268) ...
      自动识别: OCR 弹匣 64 发，约 11 帧/发，分析范围 [159, 867]
      检出 64 个关键帧: [170, 181, 192, 202, 214, 225, 236, 246, 258, 268, 279, 289, 301, 312, 323, 333, 345, 355, 366, 377, 388, 399, 409, 420, 431, 442, 453, 464, 475, 486, 497, 507, 519, 530, 540, 551, 562, 573, 584, 595, 606, 617, 628, 638, 649, 660, 671, 682, 693, 704, 715, 727, 737, 748, 758, 769, 780, 791, 802, 813, 824, 835, 846, 856]
[2/4] 镜外 Feature Matching + RANSAC（镜内/枪体/HUD/高亮火花已屏蔽）...
      已处理 50/708 帧
      已处理 100/708 帧
      已处理 150/708 帧
      已处理 200/708 帧
      已处理 250/708 帧
      已处理 300/708 帧
      已处理 350/708 帧
      已处理 400/708 帧
      已处理 450/708 帧
      已处理 500/708 帧
      已处理 550/708 帧
      已处理 600/708 帧
      已处理 650/708 帧
      已处理 700/708 帧
[3/4] 合成准星实际交点与镜外相机变换，生成轨迹 ...
[4/4] 完成。输出:
      C:\XiaodeDocuments\Programs\Recoil_Reconsturct\delta_force_batch_output\bizon\keyframes_recoil.csv
      C:\XiaodeDocuments\Programs\Recoil_Reconsturct\delta_force_batch_output\bizon\all_frames_motion.csv
      C:\XiaodeDocuments\Programs\Recoil_Reconsturct\delta_force_batch_output\bizon\summary.json
      C:\XiaodeDocuments\Programs\Recoil_Reconsturct\delta_force_batch_output\bizon\recoil_trajectory.png
      C:\XiaodeDocuments\Programs\Recoil_Reconsturct\delta_force_batch_output\bizon\reticle_keyframes_contact_sheet.jpg
      C:\XiaodeDocuments\Programs\Recoil_Reconsturct\delta_force_batch_output\bizon\feature_mask.png
      C:\XiaodeDocuments\Programs\Recoil_Reconsturct\delta_force_batch_output\bizon\ammo_detection.csv
      自动估算最大 pitch: 44.4500° (FOV=104° reference-horizontal, 2x)

STDERR
