COMMAND
C:\XiaodeDocuments\Programs\Recoil_Reconsturct\.venv\Scripts\python.exe C:\XiaodeDocuments\Programs\Recoil_Reconsturct\analyze_recoil.py D:\DF\SMG-45.mp4 --output-dir C:\XiaodeDocuments\Programs\Recoil_Reconsturct\delta_force_batch_output\smg-45 --fov-deg 104 --fov-axis reference-horizontal --scope-magnification 2.0 --reticle-mode tick-lines --ammo-template-file C:\XiaodeDocuments\Programs\Recoil_Reconsturct\ammo_digit_templates.npz

STDOUT
[1/4] 视频 2560x1440 @ 120.000 fps；全片扫描弹药 ROI (2348, 1218, 2464, 1268) ...
      自动识别: OCR 弹匣 40 发，约 12 帧/发，分析范围 [317, 804]
      检出 40 个关键帧: [328, 340, 352, 364, 377, 388, 399, 411, 423, 438, 448, 459, 471, 483, 495, 507, 519, 531, 542, 554, 567, 578, 590, 602, 615, 626, 638, 650, 662, 673, 685, 697, 709, 721, 733, 745, 757, 769, 780, 792]
[2/4] 镜外 Feature Matching + RANSAC（镜内/枪体/HUD/高亮火花已屏蔽）...
      已处理 50/487 帧
      已处理 100/487 帧
      已处理 150/487 帧
      已处理 200/487 帧
      已处理 250/487 帧
      已处理 300/487 帧
      已处理 350/487 帧
      已处理 400/487 帧
      已处理 450/487 帧
[3/4] 合成准星实际交点与镜外相机变换，生成轨迹 ...
[4/4] 完成。输出:
      C:\XiaodeDocuments\Programs\Recoil_Reconsturct\delta_force_batch_output\smg-45\keyframes_recoil.csv
      C:\XiaodeDocuments\Programs\Recoil_Reconsturct\delta_force_batch_output\smg-45\all_frames_motion.csv
      C:\XiaodeDocuments\Programs\Recoil_Reconsturct\delta_force_batch_output\smg-45\summary.json
      C:\XiaodeDocuments\Programs\Recoil_Reconsturct\delta_force_batch_output\smg-45\recoil_trajectory.png
      C:\XiaodeDocuments\Programs\Recoil_Reconsturct\delta_force_batch_output\smg-45\reticle_keyframes_contact_sheet.jpg
      C:\XiaodeDocuments\Programs\Recoil_Reconsturct\delta_force_batch_output\smg-45\feature_mask.png
      C:\XiaodeDocuments\Programs\Recoil_Reconsturct\delta_force_batch_output\smg-45\ammo_detection.csv
      自动估算最大 pitch: 29.8473° (FOV=104° reference-horizontal, 2x)

STDERR
