COMMAND
C:\XiaodeDocuments\Programs\Recoil_Reconsturct\.venv\Scripts\python.exe C:\XiaodeDocuments\Programs\Recoil_Reconsturct\analyze_recoil.py D:\DF\M249.mp4 --output-dir C:\XiaodeDocuments\Programs\Recoil_Reconsturct\delta_force_batch_output\m249 --fov-deg 104 --fov-axis reference-horizontal --scope-magnification 2.0 --reticle-mode tick-lines --ammo-template-file C:\XiaodeDocuments\Programs\Recoil_Reconsturct\ammo_digit_templates.npz

STDOUT
[1/4] 视频 2560x1440 @ 120.000 fps；全片扫描弹药 ROI (2348, 1218, 2464, 1268) ...
      自动识别: OCR 弹匣 60 发，约 9 帧/发，分析范围 [228, 740]
      检出 60 个关键帧: [237, 245, 253, 262, 271, 279, 288, 296, 304, 312, 321, 330, 337, 346, 354, 363, 371, 380, 388, 396, 405, 413, 422, 430, 439, 447, 455, 463, 472, 480, 489, 497, 505, 514, 522, 531, 539, 547, 556, 564, 572, 581, 589, 598, 606, 614, 622, 631, 639, 648, 656, 665, 673, 681, 690, 698, 706, 715, 723, 731]
[2/4] 镜外 Feature Matching + RANSAC（镜内/枪体/HUD/高亮火花已屏蔽）...
      已处理 50/512 帧
      已处理 100/512 帧
      已处理 150/512 帧
      已处理 200/512 帧
      已处理 250/512 帧
      已处理 300/512 帧
      已处理 350/512 帧
      已处理 400/512 帧
      已处理 450/512 帧
      已处理 500/512 帧
[3/4] 合成准星实际交点与镜外相机变换，生成轨迹 ...
[4/4] 完成。输出:
      C:\XiaodeDocuments\Programs\Recoil_Reconsturct\delta_force_batch_output\m249\keyframes_recoil.csv
      C:\XiaodeDocuments\Programs\Recoil_Reconsturct\delta_force_batch_output\m249\all_frames_motion.csv
      C:\XiaodeDocuments\Programs\Recoil_Reconsturct\delta_force_batch_output\m249\summary.json
      C:\XiaodeDocuments\Programs\Recoil_Reconsturct\delta_force_batch_output\m249\recoil_trajectory.png
      C:\XiaodeDocuments\Programs\Recoil_Reconsturct\delta_force_batch_output\m249\reticle_keyframes_contact_sheet.jpg
      C:\XiaodeDocuments\Programs\Recoil_Reconsturct\delta_force_batch_output\m249\feature_mask.png
      C:\XiaodeDocuments\Programs\Recoil_Reconsturct\delta_force_batch_output\m249\ammo_detection.csv
      自动估算最大 pitch: 22.5194° (FOV=104° reference-horizontal, 2x)

STDERR
